[system76.com/index.html]
[backblue.gif]
[fade.gif]
[index.html]
[feaeba6c997b673d9546-fdee854a0c0fddf2cfc663474a96d15c.ssl.cf2.rackcdn.com/imageso_0touch-icon-iphone-retina.png]
[feaeba6c997b673d9546-fdee854a0c0fddf2cfc663474a96d15c.ssl.cf2.rackcdn.com/imageso_0touch-icon-ipad-retina.png]
[feaeba6c997b673d9546-fdee854a0c0fddf2cfc663474a96d15c.ssl.cf2.rackcdn.com/imageso_0icon-196.png]
[www.google-analytics.com/analytics.js]
[connect.facebook.net/en_US/fbds.js]
[platform.twitter.com/oct.js]
[connect.facebook.net/en_US/sdk.js]
[apis.google.com/js/client_platform00ed.js]
[system76.com/specials.html]
[system76.com/contact.html]
[system76.com/support.html]
[system76.com/my-account.html]
[system76.com/laptops.html]
[system76.com/desktops.html]
[system76.com/servers.html]
[system76.com/swag.html]
[feaeba6c997b673d9546-fdee854a0c0fddf2cfc663474a96d15c.ssl.cf2.rackcdn.com/imageso_0homeo_0hero-coffee.jpg]
[feaeba6c997b673d9546-fdee854a0c0fddf2cfc663474a96d15c.ssl.cf2.rackcdn.com/imageso_0homeo_0hero-3d.jpg]
[feaeba6c997b673d9546-fdee854a0c0fddf2cfc663474a96d15c.ssl.cf2.rackcdn.com/imageso_0homeo_0hero-gpu.jpg]
[feaeba6c997b673d9546-fdee854a0c0fddf2cfc663474a96d15c.ssl.cf2.rackcdn.com/imageso_0homeo_0hero-office.jpg]
[feaeba6c997b673d9546-fdee854a0c0fddf2cfc663474a96d15c.ssl.cf2.rackcdn.com/imageso_0homeo_0hero-laser.jpg]
[feaeba6c997b673d9546-fdee854a0c0fddf2cfc663474a96d15c.ssl.cf2.rackcdn.com/imageso_0homeo_0hero-laptop.jpg]
[feaeba6c997b673d9546-fdee854a0c0fddf2cfc663474a96d15c.ssl.cf2.rackcdn.com/imageso_0homeo_0hero-hacker.jpg]
[feaeba6c997b673d9546-fdee854a0c0fddf2cfc663474a96d15c.ssl.cf2.rackcdn.com/imageso_0homeo_0hero-solder.jpg]
[feaeba6c997b673d9546-fdee854a0c0fddf2cfc663474a96d15c.ssl.cf2.rackcdn.com/imageso_0homeo_0hero-park.jpg]
[feaeba6c997b673d9546-fdee854a0c0fddf2cfc663474a96d15c.ssl.cf2.rackcdn.com/imageso_0homeo_0hero-server.jpg]
[system76.com/laptops/oryx.html]
[feaeba6c997b673d9546-fdee854a0c0fddf2cfc663474a96d15c.ssl.cf2.rackcdn.com/imageso_0laptopso_0oryxo_0orxp1o_0hero-home-text.png]
[system76.com/laptops/lemur.html]
[feaeba6c997b673d9546-fdee854a0c0fddf2cfc663474a96d15c.ssl.cf2.rackcdn.com/imageso_0laptopso_0lemuro_0lemu6o_0hero-home-text.png]
[feaeba6c997b673d9546-fdee854a0c0fddf2cfc663474a96d15c.ssl.cf2.rackcdn.com/imageso_0skylakeo_0hero-home-text.png]
[system76.com/desktops/ratel.html]
[feaeba6c997b673d9546-fdee854a0c0fddf2cfc663474a96d15c.ssl.cf2.rackcdn.com/imageso_0desktopso_0ratelo_0ratp5o_0hero-home-ratel.png]
[system76.com/desktops/wild-dog.html]
[feaeba6c997b673d9546-fdee854a0c0fddf2cfc663474a96d15c.ssl.cf2.rackcdn.com/imageso_0desktopso_0ratelo_0ratp5o_0hero-home-wild-dog.png]
[system76.com/laptops/serval.html]
[feaeba6c997b673d9546-fdee854a0c0fddf2cfc663474a96d15c.ssl.cf2.rackcdn.com/imageso_0desktopso_0ratelo_0ratp5o_0hero-home-serval.png]
[system76.com/stem.html]
[feaeba6c997b673d9546-fdee854a0c0fddf2cfc663474a96d15c.ssl.cf2.rackcdn.com/imageso_0homeo_0badgeso_0stem.jpg]
[system76.com/ubuntu.html]
[feaeba6c997b673d9546-fdee854a0c0fddf2cfc663474a96d15c.ssl.cf2.rackcdn.com/imageso_0homeo_0badgeso_0ubuntu.jpg]
[feaeba6c997b673d9546-fdee854a0c0fddf2cfc663474a96d15c.ssl.cf2.rackcdn.com/imageso_0homeo_0badgeso_0support.jpg]
[system76.com/about.html]
[feaeba6c997b673d9546-fdee854a0c0fddf2cfc663474a96d15c.ssl.cf2.rackcdn.com/imageso_0homeo_0badgeso_0team.jpg]
[system76.com/shipping.html]
[feaeba6c997b673d9546-fdee854a0c0fddf2cfc663474a96d15c.ssl.cf2.rackcdn.com/imageso_0homeo_0badgeso_0shipping.jpg]
[feaeba6c997b673d9546-fdee854a0c0fddf2cfc663474a96d15c.ssl.cf2.rackcdn.com/imageso_0homeo_0badgeso_0meerkat.jpg]
[system76.com/careers.html]
[system76.com/warranty.html]
[system76.com/privacy.html]
[system76.com/disclaimer.html]
[system76.com/terms.html]
[system76.com/index.html]
[www.googleadservices.com/pagead/f.txt]
[system76.com/fonts/fontawesome-webfonte0a5.eot]
[system76.com/fonts/fontawesome-webfontd41d.eot]
[system76.com/fonts/fontawesome-webfonte0a5.woff2]
[system76.com/fonts/fontawesome-webfonte0a5.woff]
[system76.com/fonts/fontawesome-webfonte0a5.ttf]
[system76.com/fonts/fira/eot/FiraSans-Hair.eot]
[system76.com/fonts/fira/woff/FiraSans-Hair.woff]
[system76.com/fonts/fira/ttf/FiraSans-Hair.ttf]
[system76.com/fonts/fira/eot/FiraSans-HairItalic.eot]
[system76.com/fonts/fira/woff/FiraSans-HairItalic.woff]
[system76.com/fonts/fira/ttf/FiraSans-HairItalic.ttf]
[system76.com/fonts/fira/eot/FiraSans-UltraLight.eot]
[system76.com/fonts/fira/woff/FiraSans-UltraLight.woff]
[system76.com/fonts/fira/ttf/FiraSans-UltraLight.ttf]
[system76.com/fonts/fira/eot/FiraSans-UltraLightItalic.eot]
[system76.com/fonts/fira/woff/FiraSans-UltraLightItalic.woff]
[system76.com/fonts/fira/ttf/FiraSans-UltraLightItalic.ttf]
[system76.com/fonts/fira/eot/FiraSans-Light.eot]
[system76.com/fonts/fira/woff/FiraSans-Light.woff]
[system76.com/fonts/fira/ttf/FiraSans-Light.ttf]
[system76.com/fonts/fira/eot/FiraSans-LightItalic.eot]
[system76.com/fonts/fira/woff/FiraSans-LightItalic.woff]
[system76.com/fonts/fira/ttf/FiraSans-LightItalic.ttf]
[system76.com/fonts/fira/eot/FiraSans-Regular.eot]
[system76.com/fonts/fira/woff/FiraSans-Regular.woff]
[system76.com/fonts/fira/ttf/FiraSans-Regular.ttf]
[system76.com/fonts/fira/eot/FiraSans-Italic.eot]
[system76.com/fonts/fira/woff/FiraSans-Italic.woff]
[system76.com/fonts/fira/ttf/FiraSans-Italic.ttf]
[system76.com/fonts/fira/eot/FiraSans-Medium.eot]
[system76.com/fonts/fira/woff/FiraSans-Medium.woff]
[system76.com/fonts/fira/ttf/FiraSans-Medium.ttf]
[system76.com/fonts/fira/eot/FiraSans-MediumItalic.eot]
[system76.com/fonts/fira/woff/FiraSans-MediumItalic.woff]
[system76.com/fonts/fira/ttf/FiraSans-MediumItalic.ttf]
[system76.com/fonts/fira/eot/FiraSans-SemiBold.eot]
[system76.com/fonts/fira/woff/FiraSans-SemiBold.woff]
[system76.com/fonts/fira/ttf/FiraSans-SemiBold.ttf]
[system76.com/fonts/fira/eot/FiraSans-SemiBoldItalic.eot]
[system76.com/fonts/fira/woff/FiraSans-SemiBoldItalic.woff]
[system76.com/fonts/fira/ttf/FiraSans-SemiBoldItalic.ttf]
[system76.com/fonts/fira/eot/FiraSans-Bold.eot]
[system76.com/fonts/fira/woff/FiraSans-Bold.woff]
[system76.com/fonts/fira/ttf/FiraSans-Bold.ttf]
[system76.com/fonts/fira/eot/FiraSans-BoldItalic.eot]
[system76.com/fonts/fira/woff/FiraSans-BoldItalic.woff]
[system76.com/fonts/fira/ttf/FiraSans-BoldItalic.ttf]
[system76.com/fonts/fira/eot/FiraSans-ExtraBold.eot]
[system76.com/fonts/fira/woff/FiraSans-ExtraBold.woff]
[system76.com/fonts/fira/ttf/FiraSans-ExtraBold.ttf]
[system76.com/fonts/fira/eot/FiraSans-ExtraBoldItalic.eot]
[system76.com/fonts/fira/woff/FiraSans-ExtraBoldItalic.woff]
[system76.com/fonts/fira/ttf/FiraSans-ExtraBoldItalic.ttf]
[system76.com/fonts/fira/eot/FiraSans-Heavy.eot]
[system76.com/fonts/fira/woff/FiraSans-Heavy.woff]
[system76.com/fonts/fira/ttf/FiraSans-Heavy.ttf]
[system76.com/fonts/fira/eot/FiraSans-HeavyItalic.eot]
[system76.com/fonts/fira/woff/FiraSans-HeavyItalic.woff]
[system76.com/fonts/fira/ttf/FiraSans-HeavyItalic.ttf]
[system76.com/fonts/fira/eot/FiraMono-Regular.eot]
[system76.com/fonts/fira/woff/FiraMono-Regular.woff]
[system76.com/fonts/fira/ttf/FiraMono-Regular.ttf]
[system76.com/fonts/fira/eot/FiraMono-Bold.eot]
[system76.com/fonts/fira/woff/FiraMono-Bold.woff]
[system76.com/fonts/fira/ttf/FiraMono-Bold.ttf]
[feaeba6c997b673d9546-fdee854a0c0fddf2cfc663474a96d15c.ssl.cf2.rackcdn.com/imageso_0saleo_0christmas-2015o_0winterize-hero_2560.png]
[feaeba6c997b673d9546-fdee854a0c0fddf2cfc663474a96d15c.ssl.cf2.rackcdn.com/imageso_0saleo_0christmas-2015o_0winterize-home-hero-dark_2560.jpg]
[feaeba6c997b673d9546-fdee854a0c0fddf2cfc663474a96d15c.ssl.cf2.rackcdn.com/imageso_0saleo_0christmas-2015o_0cross-stitch-header-tile.png]
[feaeba6c997b673d9546-fdee854a0c0fddf2cfc663474a96d15c.ssl.cf2.rackcdn.com/imageso_0saleo_0christmas-2015o_0cross-stitch-footer-tile.png]
[feaeba6c997b673d9546-fdee854a0c0fddf2cfc663474a96d15c.ssl.cf2.rackcdn.com/imageso_0logo.png]
[feaeba6c997b673d9546-fdee854a0c0fddf2cfc663474a96d15c.ssl.cf2.rackcdn.com/imageso_0abouto_0carl-1.jpg]
[feaeba6c997b673d9546-fdee854a0c0fddf2cfc663474a96d15c.ssl.cf2.rackcdn.com/imageso_0abouto_0carl-2.jpg]
[feaeba6c997b673d9546-fdee854a0c0fddf2cfc663474a96d15c.ssl.cf2.rackcdn.com/imageso_0abouto_0jason-1.jpg]
[feaeba6c997b673d9546-fdee854a0c0fddf2cfc663474a96d15c.ssl.cf2.rackcdn.com/imageso_0abouto_0jason-2.jpg]
[feaeba6c997b673d9546-fdee854a0c0fddf2cfc663474a96d15c.ssl.cf2.rackcdn.com/imageso_0abouto_0david-1.jpg]
[feaeba6c997b673d9546-fdee854a0c0fddf2cfc663474a96d15c.ssl.cf2.rackcdn.com/imageso_0abouto_0david-2.jpg]
[feaeba6c997b673d9546-fdee854a0c0fddf2cfc663474a96d15c.ssl.cf2.rackcdn.com/imageso_0abouto_0kate-1.jpg]
[feaeba6c997b673d9546-fdee854a0c0fddf2cfc663474a96d15c.ssl.cf2.rackcdn.com/imageso_0abouto_0kate-2.jpg]
[feaeba6c997b673d9546-fdee854a0c0fddf2cfc663474a96d15c.ssl.cf2.rackcdn.com/imageso_0abouto_0cassidy-1.jpg]
[feaeba6c997b673d9546-fdee854a0c0fddf2cfc663474a96d15c.ssl.cf2.rackcdn.com/imageso_0abouto_0cassidy-2.jpg]
[feaeba6c997b673d9546-fdee854a0c0fddf2cfc663474a96d15c.ssl.cf2.rackcdn.com/imageso_0abouto_0ben-1.jpg]
[feaeba6c997b673d9546-fdee854a0c0fddf2cfc663474a96d15c.ssl.cf2.rackcdn.com/imageso_0abouto_0ben-2.jpg]
[feaeba6c997b673d9546-fdee854a0c0fddf2cfc663474a96d15c.ssl.cf2.rackcdn.com/imageso_0abouto_0louisa-1.jpg]
[feaeba6c997b673d9546-fdee854a0c0fddf2cfc663474a96d15c.ssl.cf2.rackcdn.com/imageso_0abouto_0louisa-2.jpg]
[feaeba6c997b673d9546-fdee854a0c0fddf2cfc663474a96d15c.ssl.cf2.rackcdn.com/imageso_0abouto_0bjorn-1.jpg]
[feaeba6c997b673d9546-fdee854a0c0fddf2cfc663474a96d15c.ssl.cf2.rackcdn.com/imageso_0abouto_0bjorn-2.jpg]
[feaeba6c997b673d9546-fdee854a0c0fddf2cfc663474a96d15c.ssl.cf2.rackcdn.com/imageso_0abouto_0ian-1.jpg]
[feaeba6c997b673d9546-fdee854a0c0fddf2cfc663474a96d15c.ssl.cf2.rackcdn.com/imageso_0abouto_0ian-2.jpg]
[feaeba6c997b673d9546-fdee854a0c0fddf2cfc663474a96d15c.ssl.cf2.rackcdn.com/imageso_0abouto_0sam-1.jpg]
[feaeba6c997b673d9546-fdee854a0c0fddf2cfc663474a96d15c.ssl.cf2.rackcdn.com/imageso_0abouto_0sam-2.jpg]
[feaeba6c997b673d9546-fdee854a0c0fddf2cfc663474a96d15c.ssl.cf2.rackcdn.com/imageso_0abouto_0emma-1.jpg]
[feaeba6c997b673d9546-fdee854a0c0fddf2cfc663474a96d15c.ssl.cf2.rackcdn.com/imageso_0abouto_0emma-2.jpg]
[feaeba6c997b673d9546-fdee854a0c0fddf2cfc663474a96d15c.ssl.cf2.rackcdn.com/imageso_0abouto_0mark-1.jpg]
[feaeba6c997b673d9546-fdee854a0c0fddf2cfc663474a96d15c.ssl.cf2.rackcdn.com/imageso_0abouto_0mark-2.jpg]
[feaeba6c997b673d9546-fdee854a0c0fddf2cfc663474a96d15c.ssl.cf2.rackcdn.com/imageso_0abouto_0todd-1.jpg]
[feaeba6c997b673d9546-fdee854a0c0fddf2cfc663474a96d15c.ssl.cf2.rackcdn.com/imageso_0abouto_0todd-2.jpg]
[feaeba6c997b673d9546-fdee854a0c0fddf2cfc663474a96d15c.ssl.cf2.rackcdn.com/imageso_0abouto_0tony-1.jpg]
[feaeba6c997b673d9546-fdee854a0c0fddf2cfc663474a96d15c.ssl.cf2.rackcdn.com/imageso_0abouto_0tony-2.jpg]
[feaeba6c997b673d9546-fdee854a0c0fddf2cfc663474a96d15c.ssl.cf2.rackcdn.com/imageso_0abouto_0matt-1.jpg]
[feaeba6c997b673d9546-fdee854a0c0fddf2cfc663474a96d15c.ssl.cf2.rackcdn.com/imageso_0abouto_0matt-2.jpg]
[feaeba6c997b673d9546-fdee854a0c0fddf2cfc663474a96d15c.ssl.cf2.rackcdn.com/imageso_0user.png]
[feaeba6c997b673d9546-fdee854a0c0fddf2cfc663474a96d15c.ssl.cf2.rackcdn.com/imageso_0logo-white-mono.png]
[feaeba6c997b673d9546-fdee854a0c0fddf2cfc663474a96d15c.ssl.cf2.rackcdn.com/imageso_0supporto_0robot_2560.jpg]
[feaeba6c997b673d9546-fdee854a0c0fddf2cfc663474a96d15c.ssl.cf2.rackcdn.com/imageso_0ubuntuo_0puzzleo_0back.jpg]
[feaeba6c997b673d9546-fdee854a0c0fddf2cfc663474a96d15c.ssl.cf2.rackcdn.com/imageso_0kateiconso_0ki-sale.png]
[feaeba6c997b673d9546-fdee854a0c0fddf2cfc663474a96d15c.ssl.cf2.rackcdn.com/imageso_0kateiconso_0ki-sale-blue.png]
[feaeba6c997b673d9546-fdee854a0c0fddf2cfc663474a96d15c.ssl.cf2.rackcdn.com/imageso_0holidayo_0holly-sprite.png]
[feaeba6c997b673d9546-fdee854a0c0fddf2cfc663474a96d15c.ssl.cf2.rackcdn.com/imageso_0superfano_0hero-confetti.png]
[feaeba6c997b673d9546-fdee854a0c0fddf2cfc663474a96d15c.ssl.cf2.rackcdn.com/imageso_0superfano_0home-hero-confetti.png]
[feaeba6c997b673d9546-fdee854a0c0fddf2cfc663474a96d15c.ssl.cf2.rackcdn.com/imageso_0superfano_0home-hero-kate.png]
[feaeba6c997b673d9546-fdee854a0c0fddf2cfc663474a96d15c.ssl.cf2.rackcdn.com/imageso_0laptopso_0lemuro_0lemu5o_0hero_600.jpg]
[feaeba6c997b673d9546-fdee854a0c0fddf2cfc663474a96d15c.ssl.cf2.rackcdn.com/imageso_0laptopso_0lemuro_0lemu6o_0hero_600.jpg]
[feaeba6c997b673d9546-fdee854a0c0fddf2cfc663474a96d15c.ssl.cf2.rackcdn.com/imageso_0laptopso_0lemuro_0lemu6o_0hero-home-bg_720.jpg]
[feaeba6c997b673d9546-fdee854a0c0fddf2cfc663474a96d15c.ssl.cf2.rackcdn.com/imageso_0laptopso_0lemuro_0lemu5o_0hero_1024.jpg]
[feaeba6c997b673d9546-fdee854a0c0fddf2cfc663474a96d15c.ssl.cf2.rackcdn.com/imageso_0laptopso_0lemuro_0lemu6o_0hero_1024.jpg]
[feaeba6c997b673d9546-fdee854a0c0fddf2cfc663474a96d15c.ssl.cf2.rackcdn.com/imageso_0laptopso_0lemuro_0lemu5o_0hero_1440.jpg]
[feaeba6c997b673d9546-fdee854a0c0fddf2cfc663474a96d15c.ssl.cf2.rackcdn.com/imageso_0laptopso_0lemuro_0lemu6o_0hero_1440.jpg]
[feaeba6c997b673d9546-fdee854a0c0fddf2cfc663474a96d15c.ssl.cf2.rackcdn.com/imageso_0laptopso_0lemuro_0lemu6o_0hero-home-bg_2560.jpg]
[feaeba6c997b673d9546-fdee854a0c0fddf2cfc663474a96d15c.ssl.cf2.rackcdn.com/imageso_0laptopso_0lemuro_0lemu5o_0hero_1920.jpg]
[feaeba6c997b673d9546-fdee854a0c0fddf2cfc663474a96d15c.ssl.cf2.rackcdn.com/imageso_0laptopso_0lemuro_0lemu6o_0hero_1920.jpg]
[feaeba6c997b673d9546-fdee854a0c0fddf2cfc663474a96d15c.ssl.cf2.rackcdn.com/imageso_0laptopso_0lemuro_0lemu5o_0hero_2560.jpg]
[feaeba6c997b673d9546-fdee854a0c0fddf2cfc663474a96d15c.ssl.cf2.rackcdn.com/imageso_0laptopso_0lemuro_0lemu6o_0hero_2560.jpg]
[feaeba6c997b673d9546-fdee854a0c0fddf2cfc663474a96d15c.ssl.cf2.rackcdn.com/imageso_0laptopso_0gazelleo_0gazp9o_0hero_600.jpg]
[feaeba6c997b673d9546-fdee854a0c0fddf2cfc663474a96d15c.ssl.cf2.rackcdn.com/imageso_0laptopso_0gazelleo_0gazp9o_0hero_1024.jpg]
[feaeba6c997b673d9546-fdee854a0c0fddf2cfc663474a96d15c.ssl.cf2.rackcdn.com/imageso_0laptopso_0gazelleo_0gazp9o_0hero_1440.jpg]
[feaeba6c997b673d9546-fdee854a0c0fddf2cfc663474a96d15c.ssl.cf2.rackcdn.com/imageso_0laptopso_0gazelleo_0gazp9o_0hero_1920.jpg]
[feaeba6c997b673d9546-fdee854a0c0fddf2cfc663474a96d15c.ssl.cf2.rackcdn.com/imageso_0laptopso_0gazelleo_0gazp9o_0hero_2560.jpg]
[feaeba6c997b673d9546-fdee854a0c0fddf2cfc663474a96d15c.ssl.cf2.rackcdn.com/imageso_0laptopso_0kuduo_0kudp1o_0hero_600.jpg]
[feaeba6c997b673d9546-fdee854a0c0fddf2cfc663474a96d15c.ssl.cf2.rackcdn.com/imageso_0laptopso_0kuduo_0kudp1o_0hero_1024.jpg]
[feaeba6c997b673d9546-fdee854a0c0fddf2cfc663474a96d15c.ssl.cf2.rackcdn.com/imageso_0laptopso_0kuduo_0kudp1o_0hero_1440.jpg]
[feaeba6c997b673d9546-fdee854a0c0fddf2cfc663474a96d15c.ssl.cf2.rackcdn.com/imageso_0laptopso_0kuduo_0kudp1o_0hero_1920.jpg]
[feaeba6c997b673d9546-fdee854a0c0fddf2cfc663474a96d15c.ssl.cf2.rackcdn.com/imageso_0laptopso_0kuduo_0kudp1o_0hero_2560.jpg]
[feaeba6c997b673d9546-fdee854a0c0fddf2cfc663474a96d15c.ssl.cf2.rackcdn.com/imageso_0laptopso_0oryxo_0orxp1o_0hero_600.jpg]
[feaeba6c997b673d9546-fdee854a0c0fddf2cfc663474a96d15c.ssl.cf2.rackcdn.com/imageso_0laptopso_0oryxo_0orxp1o_0keyboard-2_1440.jpg]
[feaeba6c997b673d9546-fdee854a0c0fddf2cfc663474a96d15c.ssl.cf2.rackcdn.com/imageso_0laptopso_0oryxo_0orxp1o_0trine3.jpg]
[feaeba6c997b673d9546-fdee854a0c0fddf2cfc663474a96d15c.ssl.cf2.rackcdn.com/imageso_0laptopso_0oryxo_0orxp1o_0entertainment_1440.jpg]
[feaeba6c997b673d9546-fdee854a0c0fddf2cfc663474a96d15c.ssl.cf2.rackcdn.com/imageso_0laptopso_0oryxo_0orxp1o_0hero-home-bg_2560.jpg]
[feaeba6c997b673d9546-fdee854a0c0fddf2cfc663474a96d15c.ssl.cf2.rackcdn.com/imageso_0laptopso_0oryxo_0orxp1o_0hero_1024.jpg]
[feaeba6c997b673d9546-fdee854a0c0fddf2cfc663474a96d15c.ssl.cf2.rackcdn.com/imageso_0laptopso_0oryxo_0orxp1o_0hero_1440.jpg]
[feaeba6c997b673d9546-fdee854a0c0fddf2cfc663474a96d15c.ssl.cf2.rackcdn.com/imageso_0laptopso_0oryxo_0orxp1o_0hero_1920.jpg]
[feaeba6c997b673d9546-fdee854a0c0fddf2cfc663474a96d15c.ssl.cf2.rackcdn.com/imageso_0laptopso_0oryxo_0orxp1o_0keyboard-2_1920.jpg]
[feaeba6c997b673d9546-fdee854a0c0fddf2cfc663474a96d15c.ssl.cf2.rackcdn.com/imageso_0laptopso_0oryxo_0orxp1o_0entertainment_1920.jpg]
[feaeba6c997b673d9546-fdee854a0c0fddf2cfc663474a96d15c.ssl.cf2.rackcdn.com/imageso_0laptopso_0oryxo_0orxp1o_0hero_2560.jpg]
[feaeba6c997b673d9546-fdee854a0c0fddf2cfc663474a96d15c.ssl.cf2.rackcdn.com/imageso_0laptopso_0oryxo_0orxp1o_0keyboard-2_2560.jpg]
[feaeba6c997b673d9546-fdee854a0c0fddf2cfc663474a96d15c.ssl.cf2.rackcdn.com/imageso_0laptopso_0oryxo_0orxp1o_0entertainment_2560.jpg]
[feaeba6c997b673d9546-fdee854a0c0fddf2cfc663474a96d15c.ssl.cf2.rackcdn.com/imageso_0laptopso_0servalo_0serw1o_0hero_600.jpg]
[feaeba6c997b673d9546-fdee854a0c0fddf2cfc663474a96d15c.ssl.cf2.rackcdn.com/imageso_0laptopso_0servalo_0serw9o_0hero-home_2560.jpg]
[feaeba6c997b673d9546-fdee854a0c0fddf2cfc663474a96d15c.ssl.cf2.rackcdn.com/imageso_0laptopso_0servalo_0serw1o_0hero_1024.jpg]
[feaeba6c997b673d9546-fdee854a0c0fddf2cfc663474a96d15c.ssl.cf2.rackcdn.com/imageso_0laptopso_0servalo_0serw9o_0hero_1440.jpg]
[feaeba6c997b673d9546-fdee854a0c0fddf2cfc663474a96d15c.ssl.cf2.rackcdn.com/imageso_0laptopso_0servalo_0serw9o_0hero_1920.jpg]
[feaeba6c997b673d9546-fdee854a0c0fddf2cfc663474a96d15c.ssl.cf2.rackcdn.com/imageso_0laptopso_0servalo_0serw9o_0hero_2560.jpg]
[feaeba6c997b673d9546-fdee854a0c0fddf2cfc663474a96d15c.ssl.cf2.rackcdn.com/imageso_0desktopso_0meerkato_0meer1o_0hero_600.jpg]
[feaeba6c997b673d9546-fdee854a0c0fddf2cfc663474a96d15c.ssl.cf2.rackcdn.com/imageso_0desktopso_0meerkato_0meer1o_0hero_1024.jpg]
[feaeba6c997b673d9546-fdee854a0c0fddf2cfc663474a96d15c.ssl.cf2.rackcdn.com/imageso_0desktopso_0meerkato_0meer1o_0hero_1440.jpg]
[feaeba6c997b673d9546-fdee854a0c0fddf2cfc663474a96d15c.ssl.cf2.rackcdn.com/imageso_0desktopso_0meerkato_0meer1o_0hero_1920.jpg]
[feaeba6c997b673d9546-fdee854a0c0fddf2cfc663474a96d15c.ssl.cf2.rackcdn.com/imageso_0desktopso_0meerkato_0meer1o_0hero_2560.jpg]
[feaeba6c997b673d9546-fdee854a0c0fddf2cfc663474a96d15c.ssl.cf2.rackcdn.com/imageso_0desktopso_0ratelo_0ratp4o_0hero_600.jpg]
[feaeba6c997b673d9546-fdee854a0c0fddf2cfc663474a96d15c.ssl.cf2.rackcdn.com/imageso_0desktopso_0ratelo_0ratp5o_0hero_2560.jpg]
[feaeba6c997b673d9546-fdee854a0c0fddf2cfc663474a96d15c.ssl.cf2.rackcdn.com/imageso_0desktopso_0ratelo_0ratp5o_0dev-desk_2560.jpg]
[feaeba6c997b673d9546-fdee854a0c0fddf2cfc663474a96d15c.ssl.cf2.rackcdn.com/imageso_0desktopso_0ratelo_0ratp5o_0entertainment-2_1440.jpg]
[feaeba6c997b673d9546-fdee854a0c0fddf2cfc663474a96d15c.ssl.cf2.rackcdn.com/imageso_0desktopso_0wild-dogo_0wilp12o_0hero-home-bg_2560.jpg]
[feaeba6c997b673d9546-fdee854a0c0fddf2cfc663474a96d15c.ssl.cf2.rackcdn.com/imageso_0desktopso_0ratelo_0ratp4o_0hero_1024.jpg]
[feaeba6c997b673d9546-fdee854a0c0fddf2cfc663474a96d15c.ssl.cf2.rackcdn.com/imageso_0desktopso_0ratelo_0ratp4o_0hero_1440.jpg]
[feaeba6c997b673d9546-fdee854a0c0fddf2cfc663474a96d15c.ssl.cf2.rackcdn.com/imageso_0desktopso_0ratelo_0ratp4o_0hero_1920.jpg]
[feaeba6c997b673d9546-fdee854a0c0fddf2cfc663474a96d15c.ssl.cf2.rackcdn.com/imageso_0desktopso_0ratelo_0ratp5o_0entertainment-2_1920.jpg]
[feaeba6c997b673d9546-fdee854a0c0fddf2cfc663474a96d15c.ssl.cf2.rackcdn.com/imageso_0desktopso_0ratelo_0ratp4o_0hero_2560.jpg]
[feaeba6c997b673d9546-fdee854a0c0fddf2cfc663474a96d15c.ssl.cf2.rackcdn.com/imageso_0desktopso_0ratelo_0ratp5o_0entertainment-2_2560.jpg]
[feaeba6c997b673d9546-fdee854a0c0fddf2cfc663474a96d15c.ssl.cf2.rackcdn.com/imageso_0desktopso_0wild-dogo_0wilp11o_0hero_600.jpg]
[feaeba6c997b673d9546-fdee854a0c0fddf2cfc663474a96d15c.ssl.cf2.rackcdn.com/imageso_0desktopso_0wild-dogo_0wilp11o_0hero_1024.jpg]
[feaeba6c997b673d9546-fdee854a0c0fddf2cfc663474a96d15c.ssl.cf2.rackcdn.com/imageso_0desktopso_0wild-dogo_0wilp11o_0hero_1440.jpg]
[feaeba6c997b673d9546-fdee854a0c0fddf2cfc663474a96d15c.ssl.cf2.rackcdn.com/imageso_0desktopso_0wild-dogo_0wilp12o_0hero_1440.jpg]
[feaeba6c997b673d9546-fdee854a0c0fddf2cfc663474a96d15c.ssl.cf2.rackcdn.com/imageso_0desktopso_0wild-dogo_0wilp11o_0hero_1920.jpg]
[feaeba6c997b673d9546-fdee854a0c0fddf2cfc663474a96d15c.ssl.cf2.rackcdn.com/imageso_0desktopso_0wild-dogo_0wilp12o_0hero_1920.jpg]
[feaeba6c997b673d9546-fdee854a0c0fddf2cfc663474a96d15c.ssl.cf2.rackcdn.com/imageso_0desktopso_0wild-dogo_0wilp11o_0hero_2560.jpg]
[feaeba6c997b673d9546-fdee854a0c0fddf2cfc663474a96d15c.ssl.cf2.rackcdn.com/imageso_0desktopso_0wild-dogo_0wilp12o_0hero_2560.jpg]
[feaeba6c997b673d9546-fdee854a0c0fddf2cfc663474a96d15c.ssl.cf2.rackcdn.com/imageso_0desktopso_0leopardo_0leox5o_0hero_600.jpg]
[feaeba6c997b673d9546-fdee854a0c0fddf2cfc663474a96d15c.ssl.cf2.rackcdn.com/imageso_0desktopso_0leopardo_0leox5o_0hero_1024.jpg]
[feaeba6c997b673d9546-fdee854a0c0fddf2cfc663474a96d15c.ssl.cf2.rackcdn.com/imageso_0desktopso_0leopardo_0leox5o_0hero_1440.jpg]
[feaeba6c997b673d9546-fdee854a0c0fddf2cfc663474a96d15c.ssl.cf2.rackcdn.com/imageso_0desktopso_0leopardo_0leox5o_0hero_1920.jpg]
[feaeba6c997b673d9546-fdee854a0c0fddf2cfc663474a96d15c.ssl.cf2.rackcdn.com/imageso_0desktopso_0leopardo_0leox5o_0hero_2560.jpg]
[feaeba6c997b673d9546-fdee854a0c0fddf2cfc663474a96d15c.ssl.cf2.rackcdn.com/imageso_0desktopso_0sableo_0sabl4o_0hero_600.jpg]
[feaeba6c997b673d9546-fdee854a0c0fddf2cfc663474a96d15c.ssl.cf2.rackcdn.com/imageso_0desktopso_0sableo_0sabl4o_0hero-2_600.jpg]
[feaeba6c997b673d9546-fdee854a0c0fddf2cfc663474a96d15c.ssl.cf2.rackcdn.com/imageso_0desktopso_0sableo_0sabl4o_0hero_1024.jpg]
[feaeba6c997b673d9546-fdee854a0c0fddf2cfc663474a96d15c.ssl.cf2.rackcdn.com/imageso_0desktopso_0sableo_0sabl4o_0hero-2_1024.jpg]
[feaeba6c997b673d9546-fdee854a0c0fddf2cfc663474a96d15c.ssl.cf2.rackcdn.com/imageso_0desktopso_0sableo_0sabl4o_0hero_1440.jpg]
[feaeba6c997b673d9546-fdee854a0c0fddf2cfc663474a96d15c.ssl.cf2.rackcdn.com/imageso_0desktopso_0sableo_0sabl4o_0hero-2_1440.jpg]
[feaeba6c997b673d9546-fdee854a0c0fddf2cfc663474a96d15c.ssl.cf2.rackcdn.com/imageso_0desktopso_0sableo_0sabl4o_0hero_1920.jpg]
[feaeba6c997b673d9546-fdee854a0c0fddf2cfc663474a96d15c.ssl.cf2.rackcdn.com/imageso_0desktopso_0sableo_0sabl4o_0hero-2_1920.jpg]
[feaeba6c997b673d9546-fdee854a0c0fddf2cfc663474a96d15c.ssl.cf2.rackcdn.com/imageso_0desktopso_0sableo_0sabl4o_0hero_2560.jpg]
[feaeba6c997b673d9546-fdee854a0c0fddf2cfc663474a96d15c.ssl.cf2.rackcdn.com/imageso_0desktopso_0sableo_0sabl4o_0hero-2_2560.jpg]
[feaeba6c997b673d9546-fdee854a0c0fddf2cfc663474a96d15c.ssl.cf2.rackcdn.com/imageso_0desktopso_0silverbacko_0silw1o_0hero-2_600.jpg]
[feaeba6c997b673d9546-fdee854a0c0fddf2cfc663474a96d15c.ssl.cf2.rackcdn.com/imageso_0desktopso_0silverbacko_0silw1o_0hero-2_1024.jpg]
[feaeba6c997b673d9546-fdee854a0c0fddf2cfc663474a96d15c.ssl.cf2.rackcdn.com/imageso_0desktopso_0silverbacko_0silw1o_0hero-2_1440.jpg]
[feaeba6c997b673d9546-fdee854a0c0fddf2cfc663474a96d15c.ssl.cf2.rackcdn.com/imageso_0desktopso_0silverbacko_0silw1o_0hero-2_1920.jpg]
[feaeba6c997b673d9546-fdee854a0c0fddf2cfc663474a96d15c.ssl.cf2.rackcdn.com/imageso_0desktopso_0silverbacko_0silw1o_0hero-2_2560.jpg]
[system76.com/stylesheets/app.min.css]
[connect.facebook.net/en_US/fbds.js]
[system76.com/ABCDEFGHIJKLMNOPQRSTUVWXYZabcdefghijklmnopqrstuvwxyz0123456789+/index.html]
[system76.com/restserver.199.delayed]
[connect.facebook.net/en_US/sdk.js]
[system76.com/dialog/index.html]
[feaeba6c997b673d9546-fdee854a0c0fddf2cfc663474a96d15c.ssl.cf2.rackcdn.com/imageso_0laptopso_0oryxo_0orxp1o_0category-christmas-2015.png]
[system76.com/desktops/silverback.html]
[feaeba6c997b673d9546-fdee854a0c0fddf2cfc663474a96d15c.ssl.cf2.rackcdn.com/imageso_0desktopso_0silverbacko_0silw1o_0thumb.png]
[system76.com/cart/configure/swag-15msngr1.html]
[feaeba6c997b673d9546-fdee854a0c0fddf2cfc663474a96d15c.ssl.cf2.rackcdn.com/imageso_0swago_0swag-15msngr1o_0thumb.jpg]
[system76.com/cart/configure/swag-17msngr1.html]
[feaeba6c997b673d9546-fdee854a0c0fddf2cfc663474a96d15c.ssl.cf2.rackcdn.com/imageso_0swago_0swag-17msngr1o_0thumb.jpg]
[system76.com/cart/configure/swag-bkpk1.html]
[feaeba6c997b673d9546-fdee854a0c0fddf2cfc663474a96d15c.ssl.cf2.rackcdn.com/imageso_0swago_0swag-bkpk1o_0thumb-2.jpg]
[system76.com/specials.html]
[system76.com/contact.html]
[system76.com/my-account/index.html]
[feaeba6c997b673d9546-fdee854a0c0fddf2cfc663474a96d15c.ssl.cf2.rackcdn.com/imageso_0supporto_0robot-type.png]
[system76.com/support.html]
[system76.com/my-account/forgot.html]
[system76.com/my-account.html]
[feaeba6c997b673d9546-fdee854a0c0fddf2cfc663474a96d15c.ssl.cf2.rackcdn.com/imageso_0hero-blank.gif]
[feaeba6c997b673d9546-fdee854a0c0fddf2cfc663474a96d15c.ssl.cf2.rackcdn.com/imageso_0laptopso_0lemuro_0lemu6o_0category-christmas-2015.png]
[feaeba6c997b673d9546-fdee854a0c0fddf2cfc663474a96d15c.ssl.cf2.rackcdn.com/imageso_0laptopso_0servalo_0serw9o_0category-christmas-2015.png]
[system76.com/laptops.html]
[system76.com/desktops/meerkat.html]
[system76.com/desktops/sable.html]
[system76.com/desktops/leopard.html]
[feaeba6c997b673d9546-fdee854a0c0fddf2cfc663474a96d15c.ssl.cf2.rackcdn.com/imageso_0desktopso_0meerkato_0meer1o_0category.png]
[feaeba6c997b673d9546-fdee854a0c0fddf2cfc663474a96d15c.ssl.cf2.rackcdn.com/imageso_0desktopso_0sableo_0sabl4o_0category-christmas-2015.png]
[feaeba6c997b673d9546-fdee854a0c0fddf2cfc663474a96d15c.ssl.cf2.rackcdn.com/imageso_0desktopso_0ratelo_0ratp5o_0category.png]
[feaeba6c997b673d9546-fdee854a0c0fddf2cfc663474a96d15c.ssl.cf2.rackcdn.com/imageso_0desktopso_0wild-dogo_0wilp12o_0category.png]
[feaeba6c997b673d9546-fdee854a0c0fddf2cfc663474a96d15c.ssl.cf2.rackcdn.com/imageso_0desktopso_0leopardo_0leox5o_0category.png]
[feaeba6c997b673d9546-fdee854a0c0fddf2cfc663474a96d15c.ssl.cf2.rackcdn.com/imageso_0desktopso_0silverbacko_0silw1o_0category.png]
[system76.com/desktops.html]
[system76.com/servers/jackal-1u.html]
[feaeba6c997b673d9546-fdee854a0c0fddf2cfc663474a96d15c.ssl.cf2.rackcdn.com/imageso_0serverso_0jackal-1uo_0jacv5o_0thumb.png]
[system76.com/servers/jackal-pro-1u.html]
[feaeba6c997b673d9546-fdee854a0c0fddf2cfc663474a96d15c.ssl.cf2.rackcdn.com/imageso_0serverso_0jackal-pro-1uo_0jacp9o_0thumb.png]
[system76.com/servers/jackal-pro-2u.html]
[feaeba6c997b673d9546-fdee854a0c0fddf2cfc663474a96d15c.ssl.cf2.rackcdn.com/imageso_0serverso_0jackal-pro-2uo_0jacp8o_0thumb.png]
[system76.com/servers/eland-pro.html]
[feaeba6c997b673d9546-fdee854a0c0fddf2cfc663474a96d15c.ssl.cf2.rackcdn.com/imageso_0serverso_0eland-proo_0elap4o_0thumb.png]
[feaeba6c997b673d9546-fdee854a0c0fddf2cfc663474a96d15c.ssl.cf2.rackcdn.com/imageso_0serverso_0maas.png]
[feaeba6c997b673d9546-fdee854a0c0fddf2cfc663474a96d15c.ssl.cf2.rackcdn.com/imageso_0serverso_0juju.png]
[feaeba6c997b673d9546-fdee854a0c0fddf2cfc663474a96d15c.ssl.cf2.rackcdn.com/imageso_0serverso_0landscape.png]
[feaeba6c997b673d9546-fdee854a0c0fddf2cfc663474a96d15c.ssl.cf2.rackcdn.com/imageso_0serverso_0cloud.png]
[feaeba6c997b673d9546-fdee854a0c0fddf2cfc663474a96d15c.ssl.cf2.rackcdn.com/imageso_0serverso_0drive-cages.png]
[feaeba6c997b673d9546-fdee854a0c0fddf2cfc663474a96d15c.ssl.cf2.rackcdn.com/imageso_0serverso_0ubuntu.png]
[system76.com/servers.html]
[feaeba6c997b673d9546-fdee854a0c0fddf2cfc663474a96d15c.ssl.cf2.rackcdn.com/imageso_0swago_0hero-2_600.jpg]
[system76.com/cart/configure/swag-mtuyp.html]
[feaeba6c997b673d9546-fdee854a0c0fddf2cfc663474a96d15c.ssl.cf2.rackcdn.com/imageso_0swago_0swag-mtuypo_0thumb.jpg]
[system76.com/cart/configure/swag-wtuyp.html]
[feaeba6c997b673d9546-fdee854a0c0fddf2cfc663474a96d15c.ssl.cf2.rackcdn.com/imageso_0swago_0swag-wtuypo_0thumb.jpg]
[system76.com/cart/configure/swag-huyp.html]
[feaeba6c997b673d9546-fdee854a0c0fddf2cfc663474a96d15c.ssl.cf2.rackcdn.com/imageso_0swago_0swag-huypo_0thumb.jpg]
[system76.com/swag/stickers.html]
[feaeba6c997b673d9546-fdee854a0c0fddf2cfc663474a96d15c.ssl.cf2.rackcdn.com/imageso_0swago_0stickers-thumb.png]
[system76.com/cart/configure/swag-pstr1.html]
[feaeba6c997b673d9546-fdee854a0c0fddf2cfc663474a96d15c.ssl.cf2.rackcdn.com/imageso_0swago_0swag-pstr1o_0thumb.png]
[system76.com/swag.html]
[system76.com/cart/configure/orxp1.html]
[feaeba6c997b673d9546-fdee854a0c0fddf2cfc663474a96d15c.ssl.cf2.rackcdn.com/imageso_0laptopso_0oryxo_0orxp1o_0feature-christmas-2015.jpg]
[feaeba6c997b673d9546-fdee854a0c0fddf2cfc663474a96d15c.ssl.cf2.rackcdn.com/imageso_0laptopso_0oryxo_0orxp1o_0360.png]
[feaeba6c997b673d9546-fdee854a0c0fddf2cfc663474a96d15c.ssl.cf2.rackcdn.com/imageso_0laptopso_0oryxo_0orxp1o_0slimline_1280.png]
[feaeba6c997b673d9546-fdee854a0c0fddf2cfc663474a96d15c.ssl.cf2.rackcdn.com/imageso_0laptopso_0oryxo_0orxp1o_0trine3-poster.jpg]
[feaeba6c997b673d9546-fdee854a0c0fddf2cfc663474a96d15c.ssl.cf2.rackcdn.com/imageso_0laptopso_0oryxo_0orxp1o_0scroll.png]
[feaeba6c997b673d9546-fdee854a0c0fddf2cfc663474a96d15c.ssl.cf2.rackcdn.com/imageso_0laptopso_0oryxo_0orxp1o_0ports_1280.png]
[feaeba6c997b673d9546-fdee854a0c0fddf2cfc663474a96d15c.ssl.cf2.rackcdn.com/imageso_0laptopso_0oryxo_0orxp1o_0ports-back_1280.png]
[system76.com/laptops/oryx.html]
[system76.com/cart/configure/lemu6.html]
[feaeba6c997b673d9546-fdee854a0c0fddf2cfc663474a96d15c.ssl.cf2.rackcdn.com/imageso_0laptopso_0lemuro_0lemu6o_0feature-christmas-2015.jpg]
[feaeba6c997b673d9546-fdee854a0c0fddf2cfc663474a96d15c.ssl.cf2.rackcdn.com/imageso_0laptopso_0lemuro_0lemu6o_0360.jpg]
[feaeba6c997b673d9546-fdee854a0c0fddf2cfc663474a96d15c.ssl.cf2.rackcdn.com/imageso_0laptopso_0lemuro_0lemu5o_0built-to-travel_600.jpg]
[feaeba6c997b673d9546-fdee854a0c0fddf2cfc663474a96d15c.ssl.cf2.rackcdn.com/imageso_0laptopso_0lemuro_0lemu6o_0front_1264.jpg]
[feaeba6c997b673d9546-fdee854a0c0fddf2cfc663474a96d15c.ssl.cf2.rackcdn.com/imageso_0laptopso_0lemuro_0lemu5o_0powerful-multitasking.png]
[feaeba6c997b673d9546-fdee854a0c0fddf2cfc663474a96d15c.ssl.cf2.rackcdn.com/imageso_0laptopso_0lemuro_0lemu5o_0powerful-multitasking-poster.png]
[feaeba6c997b673d9546-fdee854a0c0fddf2cfc663474a96d15c.ssl.cf2.rackcdn.com/imageso_0laptopso_0lemuro_0lemu5o_0best-of-the-web.png]
[feaeba6c997b673d9546-fdee854a0c0fddf2cfc663474a96d15c.ssl.cf2.rackcdn.com/imageso_0laptopso_0lemuro_0lemu5o_0best-of-the-web-poster.png]
[feaeba6c997b673d9546-fdee854a0c0fddf2cfc663474a96d15c.ssl.cf2.rackcdn.com/imageso_0laptopso_0lemuro_0lemu6o_0vibrant-display_600.jpg]
[feaeba6c997b673d9546-fdee854a0c0fddf2cfc663474a96d15c.ssl.cf2.rackcdn.com/imageso_0laptopso_0lemuro_0lemu6o_0ports_1264.jpg]
[system76.com/laptops/lemur.html]
[system76.com/cart/configure/ratp5.html]
[feaeba6c997b673d9546-fdee854a0c0fddf2cfc663474a96d15c.ssl.cf2.rackcdn.com/imageso_0desktopso_0ratelo_0ratp5o_0feature_1280.png]
[feaeba6c997b673d9546-fdee854a0c0fddf2cfc663474a96d15c.ssl.cf2.rackcdn.com/imageso_0desktopso_0ratelo_0ratp5o_0360.jpg]
[feaeba6c997b673d9546-fdee854a0c0fddf2cfc663474a96d15c.ssl.cf2.rackcdn.com/imageso_0desktopso_0ratelo_0ratp4o_0head-on_600.jpg]
[feaeba6c997b673d9546-fdee854a0c0fddf2cfc663474a96d15c.ssl.cf2.rackcdn.com/imageso_0desktopso_0ratelo_0ratp4o_0ian-before_600.jpg]
[feaeba6c997b673d9546-fdee854a0c0fddf2cfc663474a96d15c.ssl.cf2.rackcdn.com/imageso_0desktopso_0ratelo_0ratp4o_0ian-both_600.jpg]
[feaeba6c997b673d9546-fdee854a0c0fddf2cfc663474a96d15c.ssl.cf2.rackcdn.com/imageso_0desktopso_0ratelo_0ratp5o_0ports_1280.png]
[system76.com/desktops/ratel.html]
[system76.com/cart/configure/wilp12.html]
[feaeba6c997b673d9546-fdee854a0c0fddf2cfc663474a96d15c.ssl.cf2.rackcdn.com/imageso_0desktopso_0wild-dogo_0wilp11o_0features_600.jpg]
[feaeba6c997b673d9546-fdee854a0c0fddf2cfc663474a96d15c.ssl.cf2.rackcdn.com/imageso_0desktopso_0wild-dogo_0wilp11o_0black-silver-chassis.png]
[feaeba6c997b673d9546-fdee854a0c0fddf2cfc663474a96d15c.ssl.cf2.rackcdn.com/imageso_0desktopso_0wild-dogo_0wilp12o_0360.png]
[feaeba6c997b673d9546-fdee854a0c0fddf2cfc663474a96d15c.ssl.cf2.rackcdn.com/imageso_0desktopso_0wild-dogo_0wilp12o_0intel-nvidia.jpg]
[feaeba6c997b673d9546-fdee854a0c0fddf2cfc663474a96d15c.ssl.cf2.rackcdn.com/imageso_0desktopso_0wild-dogo_0wilp11o_0celestia_2560.jpg]
[feaeba6c997b673d9546-fdee854a0c0fddf2cfc663474a96d15c.ssl.cf2.rackcdn.com/imageso_0desktopso_0wild-dogo_0wilp11o_0celestia_600.jpg]
[feaeba6c997b673d9546-fdee854a0c0fddf2cfc663474a96d15c.ssl.cf2.rackcdn.com/imageso_0desktopso_0wild-dogo_0wilp12o_0trine_1280.jpg]
[feaeba6c997b673d9546-fdee854a0c0fddf2cfc663474a96d15c.ssl.cf2.rackcdn.com/imageso_0desktopso_0wild-dogo_0wilp12o_0ports_600.jpg]
[system76.com/desktops/wild-dog.html]
[system76.com/cart/configure/serw9.html]
[feaeba6c997b673d9546-fdee854a0c0fddf2cfc663474a96d15c.ssl.cf2.rackcdn.com/imageso_0laptopso_0servalo_0serw9o_0feature-christmas-2015.jpg]
[feaeba6c997b673d9546-fdee854a0c0fddf2cfc663474a96d15c.ssl.cf2.rackcdn.com/imageso_0laptopso_0servalo_0serw9o_0360.png]
[feaeba6c997b673d9546-fdee854a0c0fddf2cfc663474a96d15c.ssl.cf2.rackcdn.com/imageso_0laptopso_0servalo_0serw1o_0macbook-serval-combined.png]
[feaeba6c997b673d9546-fdee854a0c0fddf2cfc663474a96d15c.ssl.cf2.rackcdn.com/imageso_0laptopso_0servalo_0serw1o_0interior_2560.jpg]
[feaeba6c997b673d9546-fdee854a0c0fddf2cfc663474a96d15c.ssl.cf2.rackcdn.com/imageso_0laptopso_0servalo_0serw1o_0borderlands.png]
[feaeba6c997b673d9546-fdee854a0c0fddf2cfc663474a96d15c.ssl.cf2.rackcdn.com/imageso_0laptopso_0servalo_0serw1o_0keyboard_1440.png]
[feaeba6c997b673d9546-fdee854a0c0fddf2cfc663474a96d15c.ssl.cf2.rackcdn.com/imageso_0laptopso_0servalo_0serw9o_0ports-sides.png]
[feaeba6c997b673d9546-fdee854a0c0fddf2cfc663474a96d15c.ssl.cf2.rackcdn.com/imageso_0laptopso_0servalo_0serw9o_0ports-back.png]
[system76.com/laptops/serval.html]
[feaeba6c997b673d9546-fdee854a0c0fddf2cfc663474a96d15c.ssl.cf2.rackcdn.com/imageso_0saleo_0stem-summer-2015o_0poster.png]
[feaeba6c997b673d9546-fdee854a0c0fddf2cfc663474a96d15c.ssl.cf2.rackcdn.com/imageso_0saleo_0stem-summer-2015o_0STEM_sci_1.jpg]
[feaeba6c997b673d9546-fdee854a0c0fddf2cfc663474a96d15c.ssl.cf2.rackcdn.com/imageso_0saleo_0stem-summer-2015o_0STEM_sci_2.jpg]
[feaeba6c997b673d9546-fdee854a0c0fddf2cfc663474a96d15c.ssl.cf2.rackcdn.com/imageso_0saleo_0stem-summer-2015o_0STEM_sci_3.jpg]
[feaeba6c997b673d9546-fdee854a0c0fddf2cfc663474a96d15c.ssl.cf2.rackcdn.com/imageso_0saleo_0stem-summer-2015o_0STEM_sci_4.jpg]
[feaeba6c997b673d9546-fdee854a0c0fddf2cfc663474a96d15c.ssl.cf2.rackcdn.com/imageso_0saleo_0stem-summer-2015o_0STEM_sci_5.jpg]
[feaeba6c997b673d9546-fdee854a0c0fddf2cfc663474a96d15c.ssl.cf2.rackcdn.com/imageso_0saleo_0stem-summer-2015o_0STEM_sci_6.jpg]
[feaeba6c997b673d9546-fdee854a0c0fddf2cfc663474a96d15c.ssl.cf2.rackcdn.com/imageso_0saleo_0stem-summer-2015o_0STEM_sci_7.jpg]
[feaeba6c997b673d9546-fdee854a0c0fddf2cfc663474a96d15c.ssl.cf2.rackcdn.com/imageso_0saleo_0stem-summer-2015o_0STEM_tech_1.jpg]
[feaeba6c997b673d9546-fdee854a0c0fddf2cfc663474a96d15c.ssl.cf2.rackcdn.com/imageso_0saleo_0stem-summer-2015o_0STEM_tech_2.jpg]
[feaeba6c997b673d9546-fdee854a0c0fddf2cfc663474a96d15c.ssl.cf2.rackcdn.com/imageso_0saleo_0stem-summer-2015o_0STEM_tech_4.jpg]
[feaeba6c997b673d9546-fdee854a0c0fddf2cfc663474a96d15c.ssl.cf2.rackcdn.com/imageso_0saleo_0stem-summer-2015o_0STEM_tech_3.jpg]
[feaeba6c997b673d9546-fdee854a0c0fddf2cfc663474a96d15c.ssl.cf2.rackcdn.com/imageso_0saleo_0stem-summer-2015o_0STEM_tech_5.jpg]
[feaeba6c997b673d9546-fdee854a0c0fddf2cfc663474a96d15c.ssl.cf2.rackcdn.com/imageso_0saleo_0stem-summer-2015o_0STEM_tech_6.jpg]
[feaeba6c997b673d9546-fdee854a0c0fddf2cfc663474a96d15c.ssl.cf2.rackcdn.com/imageso_0saleo_0stem-summer-2015o_0STEM_tech_7.jpg]
[feaeba6c997b673d9546-fdee854a0c0fddf2cfc663474a96d15c.ssl.cf2.rackcdn.com/imageso_0saleo_0stem-summer-2015o_0STEM_eng_1.jpg]
[feaeba6c997b673d9546-fdee854a0c0fddf2cfc663474a96d15c.ssl.cf2.rackcdn.com/imageso_0saleo_0stem-summer-2015o_0STEM_eng_2.jpg]
[feaeba6c997b673d9546-fdee854a0c0fddf2cfc663474a96d15c.ssl.cf2.rackcdn.com/imageso_0saleo_0stem-summer-2015o_0STEM_eng_3.jpg]
[feaeba6c997b673d9546-fdee854a0c0fddf2cfc663474a96d15c.ssl.cf2.rackcdn.com/imageso_0saleo_0stem-summer-2015o_0STEM_eng_5.jpg]
[feaeba6c997b673d9546-fdee854a0c0fddf2cfc663474a96d15c.ssl.cf2.rackcdn.com/imageso_0saleo_0stem-summer-2015o_0STEM_eng_4.jpg]
[feaeba6c997b673d9546-fdee854a0c0fddf2cfc663474a96d15c.ssl.cf2.rackcdn.com/imageso_0saleo_0stem-summer-2015o_0STEM_eng_6.jpg]
[feaeba6c997b673d9546-fdee854a0c0fddf2cfc663474a96d15c.ssl.cf2.rackcdn.com/imageso_0saleo_0stem-summer-2015o_0STEM_eng_7.jpg]
[feaeba6c997b673d9546-fdee854a0c0fddf2cfc663474a96d15c.ssl.cf2.rackcdn.com/imageso_0saleo_0stem-summer-2015o_0STEM_math_1.jpg]
[feaeba6c997b673d9546-fdee854a0c0fddf2cfc663474a96d15c.ssl.cf2.rackcdn.com/imageso_0saleo_0stem-summer-2015o_0STEM_math_2.jpg]
[feaeba6c997b673d9546-fdee854a0c0fddf2cfc663474a96d15c.ssl.cf2.rackcdn.com/imageso_0saleo_0stem-summer-2015o_0STEM_math_4.jpg]
[feaeba6c997b673d9546-fdee854a0c0fddf2cfc663474a96d15c.ssl.cf2.rackcdn.com/imageso_0saleo_0stem-summer-2015o_0STEM_math_3.jpg]
[feaeba6c997b673d9546-fdee854a0c0fddf2cfc663474a96d15c.ssl.cf2.rackcdn.com/imageso_0saleo_0stem-summer-2015o_0STEM_math_5.jpg]
[feaeba6c997b673d9546-fdee854a0c0fddf2cfc663474a96d15c.ssl.cf2.rackcdn.com/imageso_0saleo_0stem-summer-2015o_0STEM_math_6.jpg]
[feaeba6c997b673d9546-fdee854a0c0fddf2cfc663474a96d15c.ssl.cf2.rackcdn.com/imageso_0saleo_0stem-summer-2015o_0STEM_math_7.jpg]
[feaeba6c997b673d9546-fdee854a0c0fddf2cfc663474a96d15c.ssl.cf2.rackcdn.com/imageso_0saleo_0stem-summer-2015o_0STEM_future_1.jpg]
[system76.com/stem.html]
[feaeba6c997b673d9546-fdee854a0c0fddf2cfc663474a96d15c.ssl.cf2.rackcdn.com/imageso_0ubuntuo_0slide-desktop.png]
[feaeba6c997b673d9546-fdee854a0c0fddf2cfc663474a96d15c.ssl.cf2.rackcdn.com/imageso_0ubuntuo_0slide-bg.gif]
[feaeba6c997b673d9546-fdee854a0c0fddf2cfc663474a96d15c.ssl.cf2.rackcdn.com/imageso_0ubuntuo_0inkjet-printer.png]
[feaeba6c997b673d9546-fdee854a0c0fddf2cfc663474a96d15c.ssl.cf2.rackcdn.com/imageso_0ubuntuo_0lemur.png]
[feaeba6c997b673d9546-fdee854a0c0fddf2cfc663474a96d15c.ssl.cf2.rackcdn.com/imageso_0ubuntuo_0speech-print.png]
[feaeba6c997b673d9546-fdee854a0c0fddf2cfc663474a96d15c.ssl.cf2.rackcdn.com/imageso_0ubuntuo_0speech-noprob.png]
[feaeba6c997b673d9546-fdee854a0c0fddf2cfc663474a96d15c.ssl.cf2.rackcdn.com/imageso_0ubuntuo_0wacom-poster.png]
[feaeba6c997b673d9546-fdee854a0c0fddf2cfc663474a96d15c.ssl.cf2.rackcdn.com/imageso_0ubuntuo_0dropbox-icon.png]
[feaeba6c997b673d9546-fdee854a0c0fddf2cfc663474a96d15c.ssl.cf2.rackcdn.com/imageso_0ubuntuo_0dropbox-files.png]
[feaeba6c997b673d9546-fdee854a0c0fddf2cfc663474a96d15c.ssl.cf2.rackcdn.com/imageso_0ubuntuo_0dropbox-files-selected.png]
[feaeba6c997b673d9546-fdee854a0c0fddf2cfc663474a96d15c.ssl.cf2.rackcdn.com/imageso_0ubuntuo_0dropbox-doc.png]
[feaeba6c997b673d9546-fdee854a0c0fddf2cfc663474a96d15c.ssl.cf2.rackcdn.com/imageso_0ubuntuo_0boot-spin-poster.png]
[system76.com/ubuntu/boot-spin.webm]
[feaeba6c997b673d9546-fdee854a0c0fddf2cfc663474a96d15c.ssl.cf2.rackcdn.com/imageso_0laptopso_0lemuro_0lemu5o_0head-on_1232.jpg]
[feaeba6c997b673d9546-fdee854a0c0fddf2cfc663474a96d15c.ssl.cf2.rackcdn.com/imageso_0ubuntuo_0slide-blank.png]
[feaeba6c997b673d9546-fdee854a0c0fddf2cfc663474a96d15c.ssl.cf2.rackcdn.com/imageso_0ubuntuo_0slide-boot.png]
[feaeba6c997b673d9546-fdee854a0c0fddf2cfc663474a96d15c.ssl.cf2.rackcdn.com/imageso_0ubuntuo_0slide-login.png]
[feaeba6c997b673d9546-fdee854a0c0fddf2cfc663474a96d15c.ssl.cf2.rackcdn.com/imageso_0ubuntuo_0puzzleo_01.png]
[feaeba6c997b673d9546-fdee854a0c0fddf2cfc663474a96d15c.ssl.cf2.rackcdn.com/imageso_0ubuntuo_0puzzleo_02.png]
[feaeba6c997b673d9546-fdee854a0c0fddf2cfc663474a96d15c.ssl.cf2.rackcdn.com/imageso_0ubuntuo_0puzzleo_03.png]
[feaeba6c997b673d9546-fdee854a0c0fddf2cfc663474a96d15c.ssl.cf2.rackcdn.com/imageso_0ubuntuo_0puzzleo_04.png]
[feaeba6c997b673d9546-fdee854a0c0fddf2cfc663474a96d15c.ssl.cf2.rackcdn.com/imageso_0ubuntuo_0puzzleo_05.png]
[feaeba6c997b673d9546-fdee854a0c0fddf2cfc663474a96d15c.ssl.cf2.rackcdn.com/imageso_0ubuntuo_0puzzleo_06.png]
[feaeba6c997b673d9546-fdee854a0c0fddf2cfc663474a96d15c.ssl.cf2.rackcdn.com/imageso_0ubuntuo_0puzzleo_07.png]
[feaeba6c997b673d9546-fdee854a0c0fddf2cfc663474a96d15c.ssl.cf2.rackcdn.com/imageso_0ubuntuo_0puzzleo_08.png]
[feaeba6c997b673d9546-fdee854a0c0fddf2cfc663474a96d15c.ssl.cf2.rackcdn.com/imageso_0ubuntuo_0puzzleo_09.png]
[feaeba6c997b673d9546-fdee854a0c0fddf2cfc663474a96d15c.ssl.cf2.rackcdn.com/imageso_0ubuntuo_0puzzleo_010.png]
[feaeba6c997b673d9546-fdee854a0c0fddf2cfc663474a96d15c.ssl.cf2.rackcdn.com/imageso_0ubuntuo_0puzzleo_011.png]
[feaeba6c997b673d9546-fdee854a0c0fddf2cfc663474a96d15c.ssl.cf2.rackcdn.com/imageso_0ubuntuo_0puzzleo_012.png]
[feaeba6c997b673d9546-fdee854a0c0fddf2cfc663474a96d15c.ssl.cf2.rackcdn.com/imageso_0ubuntuo_0puzzleo_013.png]
[feaeba6c997b673d9546-fdee854a0c0fddf2cfc663474a96d15c.ssl.cf2.rackcdn.com/imageso_0ubuntuo_0puzzleo_014.png]
[feaeba6c997b673d9546-fdee854a0c0fddf2cfc663474a96d15c.ssl.cf2.rackcdn.com/imageso_0ubuntuo_0puzzleo_015.png]
[feaeba6c997b673d9546-fdee854a0c0fddf2cfc663474a96d15c.ssl.cf2.rackcdn.com/imageso_0ubuntuo_0puzzleo_016.png]
[feaeba6c997b673d9546-fdee854a0c0fddf2cfc663474a96d15c.ssl.cf2.rackcdn.com/imageso_0ubuntuo_0puzzleo_017.png]
[feaeba6c997b673d9546-fdee854a0c0fddf2cfc663474a96d15c.ssl.cf2.rackcdn.com/imageso_0ubuntuo_0puzzleo_018.png]
[feaeba6c997b673d9546-fdee854a0c0fddf2cfc663474a96d15c.ssl.cf2.rackcdn.com/imageso_0ubuntuo_0puzzleo_019.png]
[feaeba6c997b673d9546-fdee854a0c0fddf2cfc663474a96d15c.ssl.cf2.rackcdn.com/imageso_0ubuntuo_0puzzleo_020.png]
[feaeba6c997b673d9546-fdee854a0c0fddf2cfc663474a96d15c.ssl.cf2.rackcdn.com/imageso_0ubuntuo_0puzzleo_021.png]
[feaeba6c997b673d9546-fdee854a0c0fddf2cfc663474a96d15c.ssl.cf2.rackcdn.com/imageso_0ubuntuo_0puzzleo_022.png]
[feaeba6c997b673d9546-fdee854a0c0fddf2cfc663474a96d15c.ssl.cf2.rackcdn.com/imageso_0ubuntuo_0puzzleo_023.png]
[feaeba6c997b673d9546-fdee854a0c0fddf2cfc663474a96d15c.ssl.cf2.rackcdn.com/imageso_0ubuntuo_0puzzleo_024.png]
[feaeba6c997b673d9546-fdee854a0c0fddf2cfc663474a96d15c.ssl.cf2.rackcdn.com/imageso_0ubuntuo_0puzzleo_0solved.jpg]
[feaeba6c997b673d9546-fdee854a0c0fddf2cfc663474a96d15c.ssl.cf2.rackcdn.com/imageso_0ubuntuo_0reliable-icon.png]
[feaeba6c997b673d9546-fdee854a0c0fddf2cfc663474a96d15c.ssl.cf2.rackcdn.com/imageso_0ubuntuo_0secure-icon.png]
[system76.com/ubuntu.html]
[feaeba6c997b673d9546-fdee854a0c0fddf2cfc663474a96d15c.ssl.cf2.rackcdn.com/imageso_0abouto_0hero_2560.jpg]
[system76.com/about.html]
[feaeba6c997b673d9546-fdee854a0c0fddf2cfc663474a96d15c.ssl.cf2.rackcdn.com/imageso_0shippingo_0map-2015-11-03.png]
[system76.com/shipping.html]
[system76.com/careers.html]
[system76.com/warranty.html]
[system76.com/privacy.html]
[system76.com/disclaimer.html]
[system76.com/terms.html]
[system76.com/javascripts/app.min.js]
[system76.com/fonts/fontawesome-webfonte0a5.svg]
[system76.com/ABCDEFGHIJKLMNOPQRSTUVWXYZabcdefghijklmnopqrstuvwxyz0123456789+/index.html]
[system76.com/restserver.html]
[system76.com/dialog/index.html]
[system76.com/%s/profile4d6d.html]
[system76.com/cart/configure/silw1.html]
[feaeba6c997b673d9546-fdee854a0c0fddf2cfc663474a96d15c.ssl.cf2.rackcdn.com/imageso_0desktopso_0silverbacko_0silw1o_0feature_600.jpg]
[feaeba6c997b673d9546-fdee854a0c0fddf2cfc663474a96d15c.ssl.cf2.rackcdn.com/imageso_0desktopso_0silverbacko_0silw1o_0side_600.jpg]
[feaeba6c997b673d9546-fdee854a0c0fddf2cfc663474a96d15c.ssl.cf2.rackcdn.com/imageso_0desktopso_0silverbacko_0silw1o_0collider_600.png]
[feaeba6c997b673d9546-fdee854a0c0fddf2cfc663474a96d15c.ssl.cf2.rackcdn.com/imageso_0desktopso_0silverbacko_0silw1o_0complex-system_1280.png]
[feaeba6c997b673d9546-fdee854a0c0fddf2cfc663474a96d15c.ssl.cf2.rackcdn.com/imageso_0desktopso_0silverbacko_0silw1o_0deep-field-darker_600.jpg]
[feaeba6c997b673d9546-fdee854a0c0fddf2cfc663474a96d15c.ssl.cf2.rackcdn.com/imageso_0desktopso_0silverbacko_0silw1o_0config-1_1280.jpg]
[feaeba6c997b673d9546-fdee854a0c0fddf2cfc663474a96d15c.ssl.cf2.rackcdn.com/imageso_0desktopso_0silverbacko_0silw1o_0config-2_1280.jpg]
[feaeba6c997b673d9546-fdee854a0c0fddf2cfc663474a96d15c.ssl.cf2.rackcdn.com/imageso_0desktopso_0silverbacko_0silw1o_0config-3_1280.jpg]
[feaeba6c997b673d9546-fdee854a0c0fddf2cfc663474a96d15c.ssl.cf2.rackcdn.com/imageso_0desktopso_0silverbacko_0silw1o_0config-4_1280.jpg]
[feaeba6c997b673d9546-fdee854a0c0fddf2cfc663474a96d15c.ssl.cf2.rackcdn.com/imageso_0desktopso_0silverbacko_0silw1o_0config-5_1280.jpg]
[feaeba6c997b673d9546-fdee854a0c0fddf2cfc663474a96d15c.ssl.cf2.rackcdn.com/imageso_0desktopso_0silverbacko_0silw1o_0front_600.jpg]
[feaeba6c997b673d9546-fdee854a0c0fddf2cfc663474a96d15c.ssl.cf2.rackcdn.com/imageso_0desktopso_0silverbacko_0silw1o_0ports_600.jpg]
[system76.com/desktops/silverback.html]
[feaeba6c997b673d9546-fdee854a0c0fddf2cfc663474a96d15c.ssl.cf2.rackcdn.com/imageso_0swago_0swag-15msngr1o_0front.jpg]
[feaeba6c997b673d9546-fdee854a0c0fddf2cfc663474a96d15c.ssl.cf2.rackcdn.com/imageso_0swago_0swag-15msngr1o_0top.jpg]
[feaeba6c997b673d9546-fdee854a0c0fddf2cfc663474a96d15c.ssl.cf2.rackcdn.com/imageso_0swago_0swag-15msngr1o_0open.jpg]
[feaeba6c997b673d9546-fdee854a0c0fddf2cfc663474a96d15c.ssl.cf2.rackcdn.com/imageso_0swago_0swag-15msngr1o_0THUMBNAIL-z48kym31ek8q-front.jpg]
[feaeba6c997b673d9546-fdee854a0c0fddf2cfc663474a96d15c.ssl.cf2.rackcdn.com/imageso_0swago_0swag-15msngr1o_0THUMBNAIL-krs0c8zxx4vp-top.jpg]
[feaeba6c997b673d9546-fdee854a0c0fddf2cfc663474a96d15c.ssl.cf2.rackcdn.com/imageso_0swago_0swag-15msngr1o_0THUMBNAIL-qa0a8r0140qd-open.jpg]
[system76.com/cart/configure/swag-15msngr1.html]
[feaeba6c997b673d9546-fdee854a0c0fddf2cfc663474a96d15c.ssl.cf2.rackcdn.com/imageso_0swago_0swag-17msngr1o_0front.jpg]
[feaeba6c997b673d9546-fdee854a0c0fddf2cfc663474a96d15c.ssl.cf2.rackcdn.com/imageso_0swago_0swag-17msngr1o_0top.jpg]
[feaeba6c997b673d9546-fdee854a0c0fddf2cfc663474a96d15c.ssl.cf2.rackcdn.com/imageso_0swago_0swag-17msngr1o_0open.jpg]
[feaeba6c997b673d9546-fdee854a0c0fddf2cfc663474a96d15c.ssl.cf2.rackcdn.com/imageso_0swago_0swag-17msngr1o_0THUMBNAIL-xbp886qzjf45-front.jpg]
[feaeba6c997b673d9546-fdee854a0c0fddf2cfc663474a96d15c.ssl.cf2.rackcdn.com/imageso_0swago_0swag-17msngr1o_0THUMBNAIL-qkv4qc6eehd4-top.jpg]
[feaeba6c997b673d9546-fdee854a0c0fddf2cfc663474a96d15c.ssl.cf2.rackcdn.com/imageso_0swago_0swag-17msngr1o_0THUMBNAIL-jvk6h2tbf1v7-open.jpg]
[system76.com/cart/configure/swag-17msngr1.html]
[feaeba6c997b673d9546-fdee854a0c0fddf2cfc663474a96d15c.ssl.cf2.rackcdn.com/imageso_0swago_0swag-bkpk1o_0front.jpg]
[feaeba6c997b673d9546-fdee854a0c0fddf2cfc663474a96d15c.ssl.cf2.rackcdn.com/imageso_0swago_0swag-bkpk1o_0top.jpg]
[feaeba6c997b673d9546-fdee854a0c0fddf2cfc663474a96d15c.ssl.cf2.rackcdn.com/imageso_0swago_0swag-bkpk1o_0open.jpg]
[feaeba6c997b673d9546-fdee854a0c0fddf2cfc663474a96d15c.ssl.cf2.rackcdn.com/imageso_0swago_0swag-bkpk1o_0THUMBNAIL-9gtfpfbgj83p-front.jpg]
[feaeba6c997b673d9546-fdee854a0c0fddf2cfc663474a96d15c.ssl.cf2.rackcdn.com/imageso_0swago_0swag-bkpk1o_0THUMBNAIL-6qetm9b7tx4t-top.jpg]
[feaeba6c997b673d9546-fdee854a0c0fddf2cfc663474a96d15c.ssl.cf2.rackcdn.com/imageso_0swago_0swag-bkpk1o_0THUMBNAIL-59c03rmxzun9-open.jpg]
[system76.com/cart/configure/swag-bkpk1.html]
[system76.com/stylesheets/app.min3860.css]
[system76.com/my-account/index.html]
[system76.com/javascripts/app.min3860.js]
[system76.com/my-account/forgot.html]
[system76.com/cart/configure/meer1.html]
[feaeba6c997b673d9546-fdee854a0c0fddf2cfc663474a96d15c.ssl.cf2.rackcdn.com/imageso_0desktopso_0meerkato_0meer1o_0features_600.jpg]
[feaeba6c997b673d9546-fdee854a0c0fddf2cfc663474a96d15c.ssl.cf2.rackcdn.com/imageso_0desktopso_0meerkato_0meer1o_0360-poster.jpg]
[feaeba6c997b673d9546-fdee854a0c0fddf2cfc663474a96d15c.ssl.cf2.rackcdn.com/imageso_0desktopso_0meerkato_0meer1o_0setup-1.jpg]
[feaeba6c997b673d9546-fdee854a0c0fddf2cfc663474a96d15c.ssl.cf2.rackcdn.com/imageso_0desktopso_0meerkato_0meer1o_0setup-2.jpg]
[feaeba6c997b673d9546-fdee854a0c0fddf2cfc663474a96d15c.ssl.cf2.rackcdn.com/imageso_0desktopso_0meerkato_0meer1o_0setup-3.jpg]
[feaeba6c997b673d9546-fdee854a0c0fddf2cfc663474a96d15c.ssl.cf2.rackcdn.com/imageso_0desktopso_0meerkato_0meer1o_0setup-4.jpg]
[feaeba6c997b673d9546-fdee854a0c0fddf2cfc663474a96d15c.ssl.cf2.rackcdn.com/imageso_0desktopso_0meerkato_0meer1o_0small-but-fierce_600.jpg]
[feaeba6c997b673d9546-fdee854a0c0fddf2cfc663474a96d15c.ssl.cf2.rackcdn.com/imageso_0desktopso_0meerkato_0meer1o_0top_600.jpg]
[feaeba6c997b673d9546-fdee854a0c0fddf2cfc663474a96d15c.ssl.cf2.rackcdn.com/imageso_0desktopso_0meerkato_0meer1o_0fits-anywhere_600.jpg]
[feaeba6c997b673d9546-fdee854a0c0fddf2cfc663474a96d15c.ssl.cf2.rackcdn.com/imageso_0desktopso_0meerkato_0meer1o_0ports-front.jpg]
[feaeba6c997b673d9546-fdee854a0c0fddf2cfc663474a96d15c.ssl.cf2.rackcdn.com/imageso_0desktopso_0meerkato_0meer1o_0ports-back.jpg]
[system76.com/desktops/meerkat.html]
[system76.com/cart/configure/sabl4.html]
[feaeba6c997b673d9546-fdee854a0c0fddf2cfc663474a96d15c.ssl.cf2.rackcdn.com/imageso_0desktopso_0sableo_0sabl4o_0feature-christmas-2015.jpg]
[feaeba6c997b673d9546-fdee854a0c0fddf2cfc663474a96d15c.ssl.cf2.rackcdn.com/imageso_0desktopso_0sableo_0sabt3o_0360.jpg]
[feaeba6c997b673d9546-fdee854a0c0fddf2cfc663474a96d15c.ssl.cf2.rackcdn.com/imageso_0desktopso_0sableo_0sabt3o_0hangouts_1200.jpg]
[feaeba6c997b673d9546-fdee854a0c0fddf2cfc663474a96d15c.ssl.cf2.rackcdn.com/imageso_0desktopso_0sableo_0sabt3o_0ports_600.jpg]
[system76.com/desktops/sable.html]
[system76.com/cart/configure/leox5.html]
[feaeba6c997b673d9546-fdee854a0c0fddf2cfc663474a96d15c.ssl.cf2.rackcdn.com/imageso_0desktopso_0leopardo_0leox5o_0features_600.jpg]
[feaeba6c997b673d9546-fdee854a0c0fddf2cfc663474a96d15c.ssl.cf2.rackcdn.com/imageso_0desktopso_0leopardo_0leox5o_0360.jpg]
[feaeba6c997b673d9546-fdee854a0c0fddf2cfc663474a96d15c.ssl.cf2.rackcdn.com/imageso_0desktopso_0leopardo_0leox5o_0processors_600.jpg]
[feaeba6c997b673d9546-fdee854a0c0fddf2cfc663474a96d15c.ssl.cf2.rackcdn.com/imageso_0desktopso_0leopardo_0leox5o_0liquid-cooled_600.jpg]
[feaeba6c997b673d9546-fdee854a0c0fddf2cfc663474a96d15c.ssl.cf2.rackcdn.com/imageso_0desktopso_0leopardo_0leox5o_0blender_600.jpg]
[feaeba6c997b673d9546-fdee854a0c0fddf2cfc663474a96d15c.ssl.cf2.rackcdn.com/imageso_0desktopso_0leopardo_0leox5o_0av-products.png]
[feaeba6c997b673d9546-fdee854a0c0fddf2cfc663474a96d15c.ssl.cf2.rackcdn.com/imageso_0desktopso_0leopardo_0leox5o_0octave_600.jpg]
[feaeba6c997b673d9546-fdee854a0c0fddf2cfc663474a96d15c.ssl.cf2.rackcdn.com/imageso_0desktopso_0leopardo_0leox5o_0ports_640.jpg]
[system76.com/desktops/leopard.html]
[system76.com/cart/configure/jacv5.html]
[feaeba6c997b673d9546-fdee854a0c0fddf2cfc663474a96d15c.ssl.cf2.rackcdn.com/imageso_0serverso_0jackal-1uo_0jacv5o_0features_600.jpg]
[feaeba6c997b673d9546-fdee854a0c0fddf2cfc663474a96d15c.ssl.cf2.rackcdn.com/imageso_0serverso_0jackal-1uo_0jacv5o_0inside_600.jpg]
[feaeba6c997b673d9546-fdee854a0c0fddf2cfc663474a96d15c.ssl.cf2.rackcdn.com/imageso_0serverso_0jackal-1uo_0jacv5o_0ports_600.jpg]
[system76.com/servers/jackal-1u.html]
[system76.com/cart/configure/jacp10.html]
[feaeba6c997b673d9546-fdee854a0c0fddf2cfc663474a96d15c.ssl.cf2.rackcdn.com/imageso_0serverso_0jackal-pro-1uo_0jacp10o_0features_600.jpg]
[feaeba6c997b673d9546-fdee854a0c0fddf2cfc663474a96d15c.ssl.cf2.rackcdn.com/imageso_0serverso_0jackal-pro-1uo_0jacp10o_0inside_600.jpg]
[feaeba6c997b673d9546-fdee854a0c0fddf2cfc663474a96d15c.ssl.cf2.rackcdn.com/imageso_0serverso_0jackal-pro-1uo_0jacp10o_0ports_600.jpg]
[system76.com/servers/jackal-pro-1u.html]
[system76.com/cart/configure/jacp11.html]
[feaeba6c997b673d9546-fdee854a0c0fddf2cfc663474a96d15c.ssl.cf2.rackcdn.com/imageso_0serverso_0jackal-pro-2uo_0jacp11o_0features_600.jpg]
[feaeba6c997b673d9546-fdee854a0c0fddf2cfc663474a96d15c.ssl.cf2.rackcdn.com/imageso_0serverso_0jackal-pro-2uo_0jacp11o_0inside_600.jpg]
[feaeba6c997b673d9546-fdee854a0c0fddf2cfc663474a96d15c.ssl.cf2.rackcdn.com/imageso_0serverso_0jackal-pro-2uo_0jacp11o_0back_600.jpg]
[system76.com/servers/jackal-pro-2u.html]
[system76.com/cart/configure/elap4.html]
[feaeba6c997b673d9546-fdee854a0c0fddf2cfc663474a96d15c.ssl.cf2.rackcdn.com/imageso_0serverso_0eland-proo_0elap4o_0features_295.jpg]
[feaeba6c997b673d9546-fdee854a0c0fddf2cfc663474a96d15c.ssl.cf2.rackcdn.com/imageso_0serverso_0eland-proo_0elap4o_0inside_600.jpg]
[feaeba6c997b673d9546-fdee854a0c0fddf2cfc663474a96d15c.ssl.cf2.rackcdn.com/imageso_0serverso_0eland-proo_0elap4o_0ports_310.jpg]
[system76.com/servers/eland-pro.html]
[feaeba6c997b673d9546-fdee854a0c0fddf2cfc663474a96d15c.ssl.cf2.rackcdn.com/imageso_0swago_0swag-mtuypo_0front.jpg]
[feaeba6c997b673d9546-fdee854a0c0fddf2cfc663474a96d15c.ssl.cf2.rackcdn.com/imageso_0swago_0swag-mtuypo_0back.jpg]
[feaeba6c997b673d9546-fdee854a0c0fddf2cfc663474a96d15c.ssl.cf2.rackcdn.com/imageso_0swago_0swag-mtuypo_0design-2.png]
[feaeba6c997b673d9546-fdee854a0c0fddf2cfc663474a96d15c.ssl.cf2.rackcdn.com/imageso_0swago_0swag-mtuypo_0THUMBNAIL-cjy3tesudtxp-front.jpg]
[feaeba6c997b673d9546-fdee854a0c0fddf2cfc663474a96d15c.ssl.cf2.rackcdn.com/imageso_0swago_0swag-mtuypo_0THUMBNAIL-agaev6ca89f1-back.jpg]
[feaeba6c997b673d9546-fdee854a0c0fddf2cfc663474a96d15c.ssl.cf2.rackcdn.com/imageso_0swago_0swag-mtuypo_0THUMBNAIL-e5cbtsf2dtbe-design-2.png]
[system76.com/cart/configure/swag-mtuyp.html]
[feaeba6c997b673d9546-fdee854a0c0fddf2cfc663474a96d15c.ssl.cf2.rackcdn.com/imageso_0swago_0swag-wtuyp-front.jpg]
[feaeba6c997b673d9546-fdee854a0c0fddf2cfc663474a96d15c.ssl.cf2.rackcdn.com/imageso_0swago_0swag-wtuyp-back.jpg]
[feaeba6c997b673d9546-fdee854a0c0fddf2cfc663474a96d15c.ssl.cf2.rackcdn.com/imageso_0swago_0swag-wtuypo_0design-3.png]
[feaeba6c997b673d9546-fdee854a0c0fddf2cfc663474a96d15c.ssl.cf2.rackcdn.com/imageso_0swago_0THUMBNAIL-45bqad9thkus-swag-wtuyp-front.jpg]
[feaeba6c997b673d9546-fdee854a0c0fddf2cfc663474a96d15c.ssl.cf2.rackcdn.com/imageso_0swago_0THUMBNAIL-tmkqf71dtnk4-swag-wtuyp-back.jpg]
[feaeba6c997b673d9546-fdee854a0c0fddf2cfc663474a96d15c.ssl.cf2.rackcdn.com/imageso_0swago_0swag-wtuypo_0THUMBNAIL-hbxf8peh676y-design-3.png]
[system76.com/cart/configure/swag-wtuyp.html]
[feaeba6c997b673d9546-fdee854a0c0fddf2cfc663474a96d15c.ssl.cf2.rackcdn.com/imageso_0swago_0swag-huypo_0mfront.jpg]
[feaeba6c997b673d9546-fdee854a0c0fddf2cfc663474a96d15c.ssl.cf2.rackcdn.com/imageso_0swago_0swag-huypo_0back.jpg]
[feaeba6c997b673d9546-fdee854a0c0fddf2cfc663474a96d15c.ssl.cf2.rackcdn.com/imageso_0swago_0swag-huypo_0wfront.jpg]
[feaeba6c997b673d9546-fdee854a0c0fddf2cfc663474a96d15c.ssl.cf2.rackcdn.com/imageso_0swago_0swag-huypo_0design-2.png]
[feaeba6c997b673d9546-fdee854a0c0fddf2cfc663474a96d15c.ssl.cf2.rackcdn.com/imageso_0swago_0swag-huypo_0THUMBNAIL-hz3nbyfu1aj2-mfront.jpg]
[feaeba6c997b673d9546-fdee854a0c0fddf2cfc663474a96d15c.ssl.cf2.rackcdn.com/imageso_0swago_0swag-huypo_0THUMBNAIL-hdmnuh3jr0s7-back.jpg]
[feaeba6c997b673d9546-fdee854a0c0fddf2cfc663474a96d15c.ssl.cf2.rackcdn.com/imageso_0swago_0swag-huypo_0THUMBNAIL-ucd604gzx81a-wfront.jpg]
[feaeba6c997b673d9546-fdee854a0c0fddf2cfc663474a96d15c.ssl.cf2.rackcdn.com/imageso_0swago_0swag-huypo_0THUMBNAIL-tpfsxa5q8e1q-design-2.png]
[system76.com/cart/configure/swag-huyp.html]
[feaeba6c997b673d9546-fdee854a0c0fddf2cfc663474a96d15c.ssl.cf2.rackcdn.com/imageso_0swago_0stickers_1280.png]
[system76.com/swag/stickers.html]
[feaeba6c997b673d9546-fdee854a0c0fddf2cfc663474a96d15c.ssl.cf2.rackcdn.com/imageso_0swago_0swag-pstr1o_0mockup-2.jpg]
[feaeba6c997b673d9546-fdee854a0c0fddf2cfc663474a96d15c.ssl.cf2.rackcdn.com/imageso_0swago_0swag-pstr1o_0full.jpg]
[feaeba6c997b673d9546-fdee854a0c0fddf2cfc663474a96d15c.ssl.cf2.rackcdn.com/imageso_0swago_0swag-pstr1o_0THUMBNAIL-mzq29fgx3uhg-mockup-2.jpg]
[feaeba6c997b673d9546-fdee854a0c0fddf2cfc663474a96d15c.ssl.cf2.rackcdn.com/imageso_0swago_0swag-pstr1o_0THUMBNAIL-dvnn1p3s8q6a-full.jpg]
[system76.com/cart/configure/swag-pstr1.html]
[system76.com/cart/configure/orxp1.html]
[system76.com/cart/configure/lemu6.html]
[system76.com/cart/configure/ratp5.html]
[system76.com/cart/configure/wilp12.html]
[system76.com/cart/configure/serw9.html]
[system76.com/ubuntu/boot-spin.html]
[system76.com/cart/configure/silw1.html]
[system76.com/cart/configure/meer1.html]
[system76.com/cart/configure/sabl4.html]
[system76.com/cart/configure/leox5.html]
[system76.com/cart/configure/jacv5.html]
[system76.com/cart/configure/jacp10.html]
[system76.com/cart/configure/jacp11.html]
[system76.com/cart/configure/elap4.html]
